
> nx run app:build:production

[33m❯[39m Building...
  polyfills.server.mjs  228.0kb
⚡ Done in 1488ms
● [DEBUG] Lookbehind assertions in regular expressions are not available in the configured target environment ("chrome107.0", "edge107.0", "firefox104.0", "ios16.0", "node24.0.0", "safari16.0" + 2 overrides) [unsupported-regexp]
    node_modules/.pnpm/@angular+ssr@20.3.15_7185bc451ec71971c60f6b31517607f6/node_modules/@angular/ssr/fesm2022/ssr.mjs:915:31:
      915 │ const URL_PARAMETER_REGEXP = /(?<!\\):([^/]+)/g;
          ╵                                ~~~
  This regular expression literal has been converted to a "new RegExp()" constructor to avoid generating code with a syntax error. However, you will need to include a polyfill for "RegExp" for your code to have the correct behavior at run-time.
● [DEBUG] Lookbehind assertions in regular expressions are not available in the configured target environment ("chrome107.0", "edge107.0", "firefox104.0", "ios16.0", "node24.0.0", "safari16.0" + 2 overrides) [unsupported-regexp]
    node_modules/.pnpm/@angular+ssr@20.3.15_7185bc451ec71971c60f6b31517607f6/node_modules/@angular/ssr/fesm2022/ssr.mjs:915:31:
      915 │ const URL_PARAMETER_REGEXP = /(?<!\\):([^/]+)/g;
          ╵                                ~~~
  This regular expression literal has been converted to a "new RegExp()" constructor to avoid generating code with a syntax error. However, you will need to include a polyfill for "RegExp" for your code to have the correct behavior at run-time.
● [DEBUG] This call to "require" will not be bundled because the argument is not a string literal [unsupported-require-call]
    node_modules/.pnpm/express@5.2.1/node_modules/express/lib/view.js:72:13:
      72 │     var fn = require(mod).__express;
         ╵              ~~~~~~~
● [DEBUG] Lookbehind assertions in regular expressions are not available in the configured target environment ("chrome107.0", "edge107.0", "firefox104.0", "ios16.0", "node24.0.0", "safari16.0" + 2 overrides) [unsupported-regexp]
    node_modules/.pnpm/@angular+ssr@20.3.15_7185bc451ec71971c60f6b31517607f6/node_modules/@angular/ssr/third_party/beasties/index.js:10508:48:
      10508 │ ...doClassesAndElementsPattern = /(?<!\\)::?[a-z-]+(?:\(.+\))?/gi;
            ╵                                    ~~~
  This regular expression literal has been converted to a "new RegExp()" constructor to avoid generating code with a syntax error. However, you will need to include a polyfill for "RegExp" for your code to have the correct behavior at run-time.
● [DEBUG] Lookbehind assertions in regular expressions are not available in the configured target environment ("chrome107.0", "edge107.0", "firefox104.0", "ios16.0", "node24.0.0", "safari16.0" + 2 overrides) [unsupported-regexp]
    node_modules/.pnpm/@angular+ssr@20.3.15_7185bc451ec71971c60f6b31517607f6/node_modules/@angular/ssr/third_party/beasties/index.js:10803:51:
      10803 │ ...nst beastiesComment = rule.text.match(/^(?<!! )beasties:(.*)/);
            ╵                                             ~~~
  This regular expression literal has been converted to a "new RegExp()" constructor to avoid generating code with a syntax error. However, you will need to include a polyfill for "RegExp" for your code to have the correct behavior at run-time.
● [DEBUG] Lookbehind assertions in regular expressions are not available in the configured target environment ("chrome107.0", "edge107.0", "firefox104.0", "ios16.0", "node24.0.0", "safari16.0" + 2 overrides) [unsupported-regexp]
    node_modules/.pnpm/@angular+ssr@20.3.15_7185bc451ec71971c60f6b31517607f6/node_modules/@angular/ssr/third_party/beasties/index.js:10508:48:
      10508 │ ...doClassesAndElementsPattern = /(?<!\\)::?[a-z-]+(?:\(.+\))?/gi;
            ╵                                    ~~~
  This regular expression literal has been converted to a "new RegExp()" constructor to avoid generating code with a syntax error. However, you will need to include a polyfill for "RegExp" for your code to have the correct behavior at run-time.
● [DEBUG] Lookbehind assertions in regular expressions are not available in the configured target environment ("chrome107.0", "edge107.0", "firefox104.0", "ios16.0", "node24.0.0", "safari16.0" + 2 overrides) [unsupported-regexp]
    node_modules/.pnpm/@angular+ssr@20.3.15_7185bc451ec71971c60f6b31517607f6/node_modules/@angular/ssr/third_party/beasties/index.js:10803:51:
      10803 │ ...nst beastiesComment = rule.text.match(/^(?<!! )beasties:(.*)/);
            ╵                                             ~~~
  This regular expression literal has been converted to a "new RegExp()" constructor to avoid generating code with a syntax error. However, you will need to include a polyfill for "RegExp" for your code to have the correct behavior at run-time.
  server.mjs          843.9kb
  chunk-37MXQSZR.mjs   11.9kb
  chunk-N232G5XG.mjs    1.5kb
⚡ Done in 29717ms
  main-WCPGU2YH.js   706.1kb
  chunk-YUQISVST.js  180.5kb
  chunk-WBGIUJNC.js  159.5kb
  chunk-UXFX4E22.js  133.9kb
  chunk-XK5IZZXM.js  109.5kb
  chunk-BT3HIFYM.js   64.9kb
  chunk-4VMBBTVG.js   62.8kb
  chunk-VWWFKP3E.js   51.9kb
  chunk-AFB7B5UO.js   45.4kb
  chunk-23FNW7HJ.js   41.3kb
  chunk-FWU336FR.js   18.6kb
  chunk-OUTJ2IEI.js   17.8kb
  chunk-VXDHKWXH.js   12.9kb
  chunk-HRUMNNBV.js   11.4kb
  chunk-CMLZ5RJ2.js   11.2kb
  chunk-FKDKXWWS.js   10.5kb
  chunk-R22P7UZS.js   10.0kb
  chunk-WKYWPY6A.js   10.0kb
  chunk-FIPQEQBI.js    7.5kb
  chunk-JWWEUXNG.js    6.8kb
  ...and 36 more output files...
⚡ Done in 30299ms
  main.server.mjs       1.1mb ⚠️
  chunk-KFO3VGMO.mjs  180.8kb
  chunk-HZIQW7Q4.mjs  180.5kb
  chunk-P7F6RPUL.mjs  134.0kb
  chunk-PQY2FSL3.mjs  109.5kb
  chunk-FDOLRKBN.mjs   65.0kb
  chunk-YU66J2KJ.mjs   62.8kb
  chunk-VNHXONMU.mjs   51.8kb
  chunk-U7A5E5TJ.mjs   45.4kb
  chunk-KXGHJ5TM.mjs   41.3kb
  chunk-6JVG4FYV.mjs   18.6kb
  chunk-DZZSUI6I.mjs   17.8kb
  chunk-25CZYIWB.mjs   12.9kb
  chunk-FMSVAY5T.mjs   11.8kb
  chunk-4GPB2CJ6.mjs   11.5kb
  chunk-HGJ6U7EB.mjs   11.2kb
  chunk-HHHLUMOH.mjs   10.5kb
  chunk-35OCTRHM.mjs   10.1kb
  chunk-MWI72A6I.mjs   10.0kb
  chunk-3YN4B2A7.mjs    7.6kb
  ...and 37 more output files...
⚡ Done in 30827ms
[32m✔[39m Building...
[37m[35mBrowser bundles[37m     
[1mInitial chunk files[22m [2m | [22m[1mNames[22m           [2m | [22m [1mRaw size[22m[2m | [22m[1mEstimated transfer size[22m
[32mmain-WCPGU2YH.js[37m    [2m | [22m[2mmain[22m            [2m | [22m[36m723.06 kB[37m[2m | [22m              [36m146.08 kB[37m
[32mchunk-WBGIUJNC.js[37m   [2m | [22m[2m-[22m               [2m | [22m[36m163.30 kB[37m[2m | [22m               [36m48.28 kB[37m
[32mchunk-UXFX4E22.js[37m   [2m | [22m[2m-[22m               [2m | [22m[36m137.11 kB[37m[2m | [22m               [36m35.70 kB[37m
[32mchunk-VWWFKP3E.js[37m   [2m | [22m[2m-[22m               [2m | [22m [36m53.17 kB[37m[2m | [22m               [36m14.62 kB[37m
[32mchunk-AFB7B5UO.js[37m   [2m | [22m[2m-[22m               [2m | [22m [36m46.46 kB[37m[2m | [22m                [36m9.38 kB[37m
[32mchunk-CMLZ5RJ2.js[37m   [2m | [22m[2m-[22m               [2m | [22m [36m11.44 kB[37m[2m | [22m                [36m2.96 kB[37m
[32mstyles-6RU54C6G.css[37m [2m | [22m[2mstyles[22m          [2m | [22m  [36m3.82 kB[37m[2m | [22m              [36m897 bytes[37m
[32mchunk-QOVDLC6H.js[37m   [2m | [22m[2m-[22m               [2m | [22m  [36m3.19 kB[37m[2m | [22m                [36m1.06 kB[37m
[32mchunk-HZGMXEKV.js[37m   [2m | [22m[2m-[22m               [2m | [22m  [36m1.84 kB[37m[2m | [22m              [36m843 bytes[37m
[32mchunk-JKSY3SMI.js[37m   [2m | [22m[2m-[22m               [2m | [22m[36m843 bytes[37m[2m | [22m              [36m843 bytes[37m
[32mchunk-MYNB6ETT.js[37m   [2m | [22m[2m-[22m               [2m | [22m[36m752 bytes[37m[2m | [22m              [36m752 bytes[37m
[32mchunk-5DUBVCLH.js[37m   [2m | [22m[2m-[22m               [2m | [22m[36m648 bytes[37m[2m | [22m              [36m648 bytes[37m
[32mchunk-242II3IH.js[37m   [2m | [22m[2m-[22m               [2m | [22m[36m575 bytes[37m[[39m[37m2m | [22m              [36m575 bytes[37m
[32mchunk-JPA2SJVO.js[37m   [2m | [22m[2m-[22m               [2m | [22m[36m560 bytes[37m[2m | [22m              [36m560 bytes[37m
[32mchunk-BCUFLYPD.js[37m   [2m | [22m[2m-[22m               [2m | [22m[36m298 bytes[37m[2m | [22m              [36m298 bytes[37m
[1m [22m                   [2m | [22m[1mInitial total[22m   [2m | [22m  [1m1.15 MB[22m[2m | [22m              [1m263.49 kB[22m
[1mLazy chunk files[22m    [2m | [22m[1mNames[22m           [2m | [22m [1mRaw size[22m[2m | [22m[1mEstimated transfer size[22m
[32mchunk-YUQISVST.js[37m   [2m | [22m[2m-[22m               [2m | [22m[36m184.82 kB[37m[2m | [22m               [36m45.12 kB[37m
[32mchunk-XK5IZZXM.js[37m   [2m | [22m[2mhome[22m            [2m | [22m[36m112.10 kB[37m[2m | [22m               [36m19.11 kB[37m
[32mchunk-BT3HIFYM.js[37m   [2m | [22m[2mcareers[22m         [2m | [22m [36m66.50 kB[37m[2m | [22m                [36m8.89 kB[37m
[32mchunk-4VMBBTVG.js[37m   [2m | [22m[2mbrowser[22m         [2m | [22m [36m64.27 kB[37m[2m | [22m               [36m17.22 kB[37m
[32mchunk-23FNW7HJ.js[37m   [2m | [22m[2mblog-detail[22m     [2m | [22m [36m42.28 kB[37m[2m | [22m                [36m8.98 kB[37m
[32mchunk-FWU336FR.js[37m   [2m | [22m[2mprism[22m           [2m | [22m [36m19.00 kB[37m[2m | [22m                [36m6.51 kB[37m
[32mchunk-OUTJ2IEI.js[37m   [2m | [22m[2msolution-detail[22m [2m | [22m [36m18.21 kB[37m[2m | [22m                [36m3.69 kB[37m
[32mchunk-VXDHKWXH.js[37m   [2m | [22m[2mindustries[22m      [2m | [22m [36m13.19 kB[37m[2m | [22m                [36m2.50 kB[37m
[32mchunk-HRUMNNBV.js[37m   [2m | [22m[2mcontact[22m         [2m | [22m [36m11.70 kB[37m[2m | [22m                [36m3.07 kB[37m
[32mchunk-FKDKXWWS.js[37m   [2m | [22m[2mblog[22m            [2m | [22m [36m10.[39m[37m73 kB[37m[2m | [22m                [36m2.99 kB[37m
[32mchunk-R22P7UZS.js[37m   [2m | [22m[2mpricing[22m         [2m | [22m [36m10.29 kB[37m[2m | [22m                [36m2.45 kB[37m
[32mchunk-WKYWPY6A.js[37m   [2m | [22m[2mabout-us[22m        [2m | [22m [36m10.20 kB[37m[2m | [22m                [36m2.49 kB[37m
[32mchunk-FIPQEQBI.js[37m   [2m | [22m[2m-[22m               [2m | [22m  [36m7.71 kB[37m[2m | [22m                [36m1.69 kB[37m
[32mchunk-JWWEUXNG.js[37m   [2m | [22m[2mtech-stack[22m      [2m | [22m  [36m6.99 kB[37m[2m | [22m                [36m2.04 kB[37m
[32mchunk-CJWPJYOE.js[37m   [2m | [22m[2mdevelopers[22m      [2m | [22m  [36m5.67 kB[37m[2m | [22m                [36m1.85 kB[37m
[32mchunk-U64MNXIT.js[37m   [2m | [22m[2mventures[22m        [2m | [22m  [36m5.53 kB[37m[2m | [22m                [36m1.72 kB[37m
[32mchunk-SFFMNHM3.js[37m   [2m | [22m[2mvirteex-landing[22m [2m | [22m  [36m5.34 kB[37m[2m | [22m                [36m1.54 kB[37m
[32mchunk-UXLR2NFJ.js[37m   [2m | [22m[2mpress[22m           [2m | [22m  [36m5.18 kB[37m[2m | [22m                [36m1.54 kB[37m
[32mchunk-BWODZNOM.js[37m   [2m | [22m[2m-[22m               [2m | [22m  [36m4.96 kB[37m[2m | [22m                [36m1.32 kB[37m
[32mchunk-OZO4UPW3.js[37m   [2m | [22m[2mroadmap[22m         [2m | [22m  [36m4.93 kB[37m[2m | [22m                [36m1.47 kB[37m
[32mchunk-6CPQQQVI.js[37m   [2m | [22m[2mevents[22m          [2m | [22m  [36m4.62 kB[37m[2m | [22m                [36m1.47 kB[37m
[32mchunk-ILJ3EX63.js[37m   [2m | [22m[2mprocess[22m         [2m | [22m  [36m4.55 kB[37m[2m | [22m                [36m1.33 kB[37m
[32mchunk-WCWRFMJD.js[37m   [2m | [22m[2mstatus[22m          [2m | [22m  [36m4.47 kB[37m[2m | [22m                [36m1.43 kB[37m
[32mchunk-OYM5HU2R.js[37m   [2m | [22m[2mfaq[22m             [2m [39m[37m| [22m  [36m4.45 kB[37m[2m | [22m                [36m1.49 kB[37m
[32mchunk-7XFOEIKS.js[37m   [2m | [22m[2minvestors[22m       [2m | [22m  [36m4.40 kB[37m[2m | [22m                [36m1.36 kB[37m
[32mchunk-MFNZ62DO.js[37m   [2m | [22m[2mlife-at-jsl[22m     [2m | [22m  [36m4.28 kB[37m[2m | [22m                [36m1.36 kB[37m
[32mchunk-75QF2ARI.js[37m   [2m | [22m[2mproject-detail[22m  [2m | [22m  [36m4.23 kB[37m[2m | [22m                [36m1.57 kB[37m
[32mchunk-2QFYS26S.js[37m   [2m | [22m[2mnot-found[22m       [2m | [22m  [36m3.96 kB[37m[2m | [22m                [36m1.35 kB[37m
[32mchunk-HSXXBLPW.js[37m   [2m | [22m[2m-[22m               [2m | [22m  [36m3.91 kB[37m[2m | [22m                [36m1.03 kB[37m
[32mchunk-IDY42RPO.js[37m   [2m | [22m[2mproduct-detail[22m  [2m | [22m  [36m3.78 kB[37m[2m | [22m                [36m1.48 kB[37m
[32mchunk-CIYT23JR.js[37m   [2m | [22m[2mtrust[22m           [2m | [22m  [36m3.31 kB[37m[2m | [22m                [36m1.18 kB[37m
[32mchunk-GRKOP3EF.js[37m   [2m | [22m[2mprojects[22m        [2m | [22m  [36m3.16 kB[37m[2m | [22m                [36m1.27 kB[37m
[32mchunk-YXPQ6IR5.js[37m   [2m | [22m[2m-[22m               [2m | [22m  [36m2.89 kB[37m[2m | [22m                [36m1.03 kB[37m
[32mchunk-VBN6GGCW.js[37m   [2m | [22m[2mprivacy[22m         [2m | [22m  [36m2.21 kB[37m[2m | [22m              [36m728 bytes[37m
[32mchunk-QZAHGQ44.js[37m   [2m | [22m[2mproducts[22m        [2m | [22m  [36m2.17 kB[37m[2m | [22m              [36m925 bytes[37m
[32mchunk-2NMCOWQX.js[37m   [2m | [22m[2mthank-you[22m       [2m | [22m  [36m2.17 kB[37m[2m | [22m              [36m884 bytes[37m
[32mchunk-3Q2S3M7F.js[37m   [2m | [22m[2msolutions[22m       [2m | [22m  [36m2.16 kB[37m[2m | [22m              [36m908 bytes[37m
[32mchunk-IYFYFJSS.js[37m   [2m | [22m[2mterms[22m[39m[37m           [2m | [22m  [36m2.13 kB[37m[2m | [22m              [36m703 bytes[37m
[32mchunk-BQENI4UQ.js[37m   [2m | [22m[2mserver-error[22m    [2m | [22m  [36m1.62 kB[37m[2m | [22m              [36m759 bytes[37m
[32mchunk-LT6L4XAL.js[37m   [2m | [22m[2mpartners[22m        [2m | [22m[36m969 bytes[37m[2m | [22m              [36m969 bytes[37m
[32mchunk-RRC5NUMU.js[37m   [2m | [22m[2mnews[22m            [2m | [22m[36m949 bytes[37m[2m | [22m              [36m949 bytes[37m
[32mchunk-QWO3MHVW.js[37m   [2m | [22m[2m-[22m               [2m | [22m[36m675 bytes[37m[2m | [22m              [36m675 bytes[37m
[35mServer bundles[37m      
[1mInitial chunk files[22m [2m | [22m[1mNames[22m           [2m | [22m [1mRaw size[22m
[32mmain.server.mjs[37m     [2m | [22m[2mmain.server[22m     [2m | [22m  [36m1.18 MB[37m[2m | [22m                       
[32mserver.mjs[37m          [2m | [22m[2mserver[22m          [2m | [22m[36m864.18 kB[37m[2m | [22m                       
[32mpolyfills.server.mjs[37m[2m | [22m[2mpolyfills.server[22m[2m | [22m[36m233.48 kB[37m[2m | [22m                       
[32mchunk-KFO3VGMO.mjs[37m  [2m | [22m[2m-[22m               [2m | [22m[36m185.11 kB[37m[2m | [22m                       
[32mchunk-P7F6RPUL.mjs[37m  [2m | [22m[2m-[22m               [2m | [22m[36m137.22 kB[37m[2m | [22m                       
[32mchunk-VNHXONMU.mjs[37m  [2m | [22m[2m-[22m               [2m | [22m [36m53.02 kB[37m[2m | [22m                       
[32mchunk-U7A5E5TJ.mjs[37m  [2m | [22m[2m-[22m               [2m | [22m [36m46.50 kB[37m[2m | [22m                       
[32mchunk-HGJ6U7EB.mjs[37m  [2m | [22m[2m-[22m               [2m | [22m [36m11.49 kB[37m[2m | [22m                       
[32mchunk-QIKFFFG6.mjs[37m  [2m | [22m[2m-[22m               [2m | [22m  [36m3.23 kB[37m[2m | [22m                       
[39m[37m[32mchunk-BT74TDV7.mjs[37m  [2m | [22m[2m-[22m               [2m | [22m  [36m1.88 kB[37m[2m | [22m                       
[32mchunk-N232G5XG.mjs[37m  [2m | [22m[2m-[22m               [2m | [22m  [36m1.49 kB[37m[2m | [22m                       
[32mchunk-EOKHPW4D.mjs[37m  [2m | [22m[2m-[22m               [2m | [22m  [36m1.04 kB[37m[2m | [22m                       
[32mchunk-7YYU6KXK.mjs[37m  [2m | [22m[2m-[22m               [2m | [22m[36m878 bytes[37m[2m | [22m                       
[32mchunk-VAFRW4PJ.mjs[37m  [2m | [22m[2m-[22m               [2m | [22m[36m683 bytes[37m[2m | [22m                       
[32mchunk-NZUFVBJA.mjs[37m  [2m | [22m[2m-[22m               [2m | [22m[36m610 bytes[37m[2m | [22m                       
[32mchunk-OKUJYCCO.mjs[37m  [2m | [22m[2m-[22m               [2m | [22m[36m594 bytes[37m[2m | [22m                       
[32mchunk-C6EQ6SNK.mjs[37m  [2m | [22m[2m-[22m               [2m | [22m[36m332 bytes[37m[2m | [22m                       
[1mLazy chunk files[22m    [2m | [22m[1mNames[22m           [2m | [22m [1mRaw size[22m
[32mchunk-HZIQW7Q4.mjs[37m  [2m | [22m[2m-[22m               [2m | [22m[36m184.85 kB[37m[2m | [22m                       
[32mchunk-PQY2FSL3.mjs[37m  [2m | [22m[2mhome[22m            [2m | [22m[36m112.14 kB[37m[2m | [22m                       
[32mchunk-FDOLRKBN.mjs[37m  [2m | [22m[2mcareers[22m         [2m | [22m [36m66.54 kB[37m[2m | [22m                       
[32mchunk-YU66J2KJ.mjs[37m  [2m | [22m[2mbrowser[22m         [2m | [22m [36m64.31 kB[37m[2m | [22m                       
[32mchunk-KXGHJ5TM.mjs[37m  [2m | [22m[2mblog-detail[22m     [2m | [22m [36m42.33 kB[37m[2m | [22m                       
[32mchunk-6JVG4FYV.mjs[37m  [2m | [22m[2mprism[22m           [2m | [22m [36m19.04 kB[37m[2m | [22m                       
[32mchunk-DZZSUI6I.mjs[3[39m[37m9m  [2m | [22m[2msolution-detail[22m [2m | [22m [36m18.25 kB[37m[2m | [22m                       
[32mchunk-25CZYIWB.mjs[37m  [2m | [22m[2mindustries[22m      [2m | [22m [36m13.23 kB[37m[2m | [22m                       
[32mchunk-37MXQSZR.mjs[37m  [2m | [22m[2mxhr2[22m            [2m | [22m [36m12.15 kB[37m[2m | [22m                       
[32mchunk-FMSVAY5T.mjs[37m  [2m | [22m[2mxhr2[22m            [2m | [22m [36m12.08 kB[37m[2m | [22m                       
[32mchunk-4GPB2CJ6.mjs[37m  [2m | [22m[2mcontact[22m         [2m | [22m [36m11.74 kB[37m[2m | [22m                       
[32mchunk-HHHLUMOH.mjs[37m  [2m | [22m[2mblog[22m            [2m | [22m [36m10.77 kB[37m[2m | [22m                       
[32mchunk-35OCTRHM.mjs[37m  [2m | [22m[2mpricing[22m         [2m | [22m [36m10.33 kB[37m[2m | [22m                       
[32mchunk-MWI72A6I.mjs[37m  [2m | [22m[2mabout-us[22m        [2m | [22m [36m10.24 kB[37m[2m | [22m                       
[32mchunk-3YN4B2A7.mjs[37m  [2m | [22m[2m-[22m               [2m | [22m  [36m7.75 kB[37m[2m | [22m                       
[32mchunk-ZNILZCAM.mjs[37m  [2m | [22m[2mtech-stack[22m      [2m | [22m  [36m7.03 kB[37m[2m | [22m                       
[32mchunk-PJEK45DI.mjs[37m  [2m | [22m[2mdevelopers[22m      [2m | [22m  [36m5.71 kB[37m[2m | [22m                       
[32mchunk-KOFLVHEW.mjs[37m  [2m | [22m[2mventures[22m        [2m | [22m  [36m5.57 kB[37m[2m | [22m                       
[32mchunk-GYHHOYF7.mjs[37m  [2m | [22m[2mvirteex-landing[22m [2m | [22m  [36m5.38 kB[37m[2m | [22m                       
[32mchunk-WXD7JSBX.mjs[37m  [2m | [22m[2mpress[22m           [2m | [22m  [36m5.22 kB[37m[2m | [22m                       
[32mchunk-HJFCERAR.mjs[37m  [2m | [22m[2m-[22m               [2m | [22m  [36m4.99 kB[37m[2m | [22m                       
[32mchunk-SPOZF[39m[37mSTE.mjs[37m  [2m | [22m[2mroadmap[22m         [2m | [22m  [36m4.97 kB[37m[2m | [22m                       
[32mchunk-OMOZUKN6.mjs[37m  [2m | [22m[2mevents[22m          [2m | [22m  [36m4.66 kB[37m[2m | [22m                       
[32mchunk-KUYP5FXO.mjs[37m  [2m | [22m[2mprocess[22m         [2m | [22m  [36m4.59 kB[37m[2m | [22m                       
[32mchunk-SI5RNQT5.mjs[37m  [2m | [22m[2mstatus[22m          [2m | [22m  [36m4.51 kB[37m[2m | [22m                       
[32mchunk-K676FONL.mjs[37m  [2m | [22m[2mfaq[22m             [2m | [22m  [36m4.49 kB[37m[2m | [22m                       
[32mchunk-FXO3ZGYI.mjs[37m  [2m | [22m[2minvestors[22m       [2m | [22m  [36m4.43 kB[37m[2m | [22m                       
[32mchunk-S7563TP7.mjs[37m  [2m | [22m[2mlife-at-jsl[22m     [2m | [22m  [36m4.32 kB[37m[2m | [22m                       
[32mchunk-SZW6ZYBD.mjs[37m  [2m | [22m[2mproject-detail[22m  [2m | [22m  [36m4.27 kB[37m[2m | [22m                       
[32mchunk-4KZYTBKZ.mjs[37m  [2m | [22m[2mnot-found[22m       [2m | [22m  [36m4.00 kB[37m[2m | [22m                       
[32mchunk-FVWU3XUQ.mjs[37m  [2m | [22m[2m-[22m               [2m | [22m  [36m3.94 kB[37m[2m | [22m                       
[32mchunk-HCFF5ALJ.mjs[37m  [2m | [22m[2mproduct-detail[22m  [2m | [22m  [36m3.83 kB[37m[2m | [22m                       
[32mchunk-4NLMLXL2.mjs[37m  [2m | [22m[2mtrust[22m           [2m | [22m  [36m3.35 kB[37m[2m | [22m                       
[32mchunk-V6OMF7BF.mjs[37m  [2m | [22m[2mprojects[22m        [2m | [22m  [36m3.21 kB[37m[2m | [22m                       
[32mchunk-Y3G2YS6V.mjs[37m  [2m | [22m[2m-[22m               [2m | [22m  [36m2.92 kB[37m[2m | [22m                       
[32mchunk-PQCAMWOZ.mjs[37m  [2m | [22m[2mprivacy[22m         [2m | [22m  [36m2.25 kB[37m[2m | [22m                       
[32mc[39m[37mhunk-74ZICBZR.mjs[37m  [2m | [22m[2mproducts[22m        [2m | [22m  [36m2.21 kB[37m[2m | [22m                       
[32mchunk-ZAJONKOU.mjs[37m  [2m | [22m[2mthank-you[22m       [2m | [22m  [36m2.21 kB[37m[2m | [22m                       
[32mchunk-LHW5DL4Z.mjs[37m  [2m | [22m[2msolutions[22m       [2m | [22m  [36m2.21 kB[37m[2m | [22m                       
[32mchunk-6K2CYZED.mjs[37m  [2m | [22m[2mterms[22m           [2m | [22m  [36m2.17 kB[37m[2m | [22m                       
[32mchunk-MVNF7X4K.mjs[37m  [2m | [22m[2mserver-error[22m    [2m | [22m  [36m1.65 kB[37m[2m | [22m                       
[32mchunk-6C7W7EEZ.mjs[37m  [2m | [22m[2mpartners[22m        [2m | [22m  [36m1.01 kB[37m[2m | [22m                       
[32mchunk-LA75L5ST.mjs[37m  [2m | [22m[2mnews[22m            [2m | [22m[36m988 bytes[37m[2m | [22m                       
[32mchunk-7RKSOY6C.mjs[37m  [2m | [22m[2m-[22m               [2m | [22m[36m709 bytes[37m[2m | [22m                       
[35mPrerendered 36 static routes.[37m
Application bundle generation complete. [44.698 seconds] - 2026-04-13T05:49:12.126Z
[39m
[1m[33m[33m▲ [43;33m[[43;30mWARNING[43;33m][0m [1msrc/app/features/home/home.scss exceeded maximum budget. Budget 40.00 kB was not met by 235 bytes with a total of 40.23 kB.[0m
[33m▲ [43;33m[[43;30mWARNING[43;33m][0m [1msrc/app/features/careers/careers.scss exceeded maximum budget. Budget 40.00 kB was not met by 7.32 kB with a total of 47.32 kB.[0m
[39m[22m
[37mOutput location: /app/dist/app
[39m



 NX   Successfully ran target build for project app


